{
  "version": "1.5.0",
  "plugins_used": [
    {
      "name": "ArtifactoryDetector"
    },
    {
      "name": "AWSKeyDetector"
    },
    {
      "name": "AzureStorageKeyDetector"
    },
    {
      "name": "Base64HighEntropyString",
      "limit": 4.5
    },
    {
      "name": "BasicAuthDetector"
    },
    {
      "name": "CloudantDetector"
    },
    {
      "name": "DiscordBotTokenDetector"
    },
    {
      "name": "GitHubTokenDetector"
    },
    {
      "name": "GitLabTokenDetector"
    },
    {
      "name": "HexHighEntropyString",
      "limit": 3.0
    },
    {
      "name": "IbmCloudIamDetector"
    },
    {
      "name": "IbmCosHmacDetector"
    },
    {
      "name": "IPPublicDetector"
    },
    {
      "name": "JwtTokenDetector"
    },
    {
      "name": "KeywordDetector",
      "keyword_exclude": ""
    },
    {
      "name": "MailchimpDetector"
    },
    {
      "name": "NpmDetector"
    },
    {
      "name": "OpenAIDetector"
    },
    {
      "name": "PrivateKeyDetector"
    },
    {
      "name": "PypiTokenDetector"
    },
    {
      "name": "SendGridDetector"
    },
    {
      "name": "SlackDetector"
    },
    {
      "name": "SoftlayerDetector"
    },
    {
      "name": "SquareOAuthDetector"
    },
    {
      "name": "StripeDetector"
    },
    {
      "name": "TelegramBotTokenDetector"
    },
    {
      "name": "TwilioKeyDetector"
    }
  ],
  "filters_used": [
    {
      "path": "detect_secrets.filters.allowlist.is_line_allowlisted"
    },
    {
      "path": "detect_secrets.filters.common.is_ignored_due_to_verification_policies",
      "min_level": 2
    },
    {
      "path": "detect_secrets.filters.heuristic.is_indirect_reference"
    },
    {
      "path": "detect_secrets.filters.heuristic.is_likely_id_string"
    },
    {
      "path": "detect_secrets.filters.heuristic.is_lock_file"
    },
    {
      "path": "detect_secrets.filters.heuristic.is_not_alphanumeric_string"
    },
    {
      "path": "detect_secrets.filters.heuristic.is_potential_uuid"
    },
    {
      "path": "detect_secrets.filters.heuristic.is_prefixed_with_dollar_sign"
    },
    {
      "path": "detect_secrets.filters.heuristic.is_sequential_string"
    },
    {
      "path": "detect_secrets.filters.heuristic.is_swagger_file"
    },
    {
      "path": "detect_secrets.filters.heuristic.is_templated_secret"
    }
  ],
  "results": {
    "examples/agent_builder/voice_enabled_deepgram/voice/voice_deepgram.yaml": [
      {
        "type": "Secret Keyword",
        "filename": "examples/agent_builder/voice_enabled_deepgram/voice/voice_deepgram.yaml",
        "hashed_secret": "2c4059a631be436a85d61c54823f31e1e81db4ca",
        "is_verified": false,
        "line_number": 8
      }
    ],
    "examples/agent_builder/voice_enabled_deepgram/voice/voice_deepgram_advanced.yaml": [
      {
        "type": "Secret Keyword",
        "filename": "examples/agent_builder/voice_enabled_deepgram/voice/voice_deepgram_advanced.yaml",
        "hashed_secret": "2c4059a631be436a85d61c54823f31e1e81db4ca",
        "is_verified": false,
        "line_number": 9
      }
    ],
    "examples/agent_builder/voice_enabled_elevenlabs/voice/voice_elevenlabs_tts.yaml": [
      {
        "type": "Secret Keyword",
        "filename": "examples/agent_builder/voice_enabled_elevenlabs/voice/voice_elevenlabs_tts.yaml",
        "hashed_secret": "af9cc3c42d009055e3256a1798467da020457c7c",
        "is_verified": false,
        "line_number": 8
      },
      {
        "type": "Secret Keyword",
        "filename": "examples/agent_builder/voice_enabled_elevenlabs/voice/voice_elevenlabs_tts.yaml",
        "hashed_secret": "a1a7439998c5c6481247226224054638816d20ba",
        "is_verified": false,
        "line_number": 13
      }
    ],
    "examples/agent_builder/voice_enabled_elevenlabs/voice/voice_elevenlabs_tts_advanced.yaml": [
      {
        "type": "Secret Keyword",
        "filename": "examples/agent_builder/voice_enabled_elevenlabs/voice/voice_elevenlabs_tts_advanced.yaml",
        "hashed_secret": "af9cc3c42d009055e3256a1798467da020457c7c",
        "is_verified": false,
        "line_number": 9
      },
      {
        "type": "Secret Keyword",
        "filename": "examples/agent_builder/voice_enabled_elevenlabs/voice/voice_elevenlabs_tts_advanced.yaml",
        "hashed_secret": "a1a7439998c5c6481247226224054638816d20ba",
        "is_verified": false,
        "line_number": 15
      }
    ],
    "examples/agent_builder/voice_enabled_watson/voice/voice_watson.yaml": [
      {
        "type": "Secret Keyword",
        "filename": "examples/agent_builder/voice_enabled_watson/voice/voice_watson.yaml",
        "hashed_secret": "af9cc3c42d009055e3256a1798467da020457c7c",
        "is_verified": false,
        "line_number": 8
      },
      {
        "type": "Secret Keyword",
        "filename": "examples/agent_builder/voice_enabled_watson/voice/voice_watson.yaml",
        "hashed_secret": "5165f8ed3f8dc9d133cc381360185fd609a00981",
        "is_verified": false,
        "line_number": 14
      }
    ],
    "examples/agent_builder/voice_enabled_watson/voice/voice_watson_advanced.yaml": [
      {
        "type": "Secret Keyword",
        "filename": "examples/agent_builder/voice_enabled_watson/voice/voice_watson_advanced.yaml",
        "hashed_secret": "af9cc3c42d009055e3256a1798467da020457c7c",
        "is_verified": false,
        "line_number": 9
      },
      {
        "type": "Secret Keyword",
        "filename": "examples/agent_builder/voice_enabled_watson/voice/voice_watson_advanced.yaml",
        "hashed_secret": "07250a0dfde43950a2d5f093f843aac9fbaad42b",
        "is_verified": false,
        "line_number": 29
      }
    ],
    "examples/channel-integrations/SIP_phone_channel/phone/sip_trunk_phone_config.yaml": [
      {
        "type": "Secret Keyword",
        "filename": "examples/channel-integrations/SIP_phone_channel/phone/sip_trunk_phone_config.yaml",
        "hashed_secret": "bd564db5d5cc358eb0e3523d3e03041739f230d5",
        "is_verified": false,
        "line_number": 16
      }
    ],
    "examples/channel-integrations/SIP_phone_channel/voice/voice_example.yaml": [
      {
        "type": "Secret Keyword",
        "filename": "examples/channel-integrations/SIP_phone_channel/voice/voice_example.yaml",
        "hashed_secret": "c4d63080085bb8708ba723a0b74b05b17ee4b9cb",
        "is_verified": false,
        "line_number": 6
      },
      {
        "type": "Secret Keyword",
        "filename": "examples/channel-integrations/SIP_phone_channel/voice/voice_example.yaml",
        "hashed_secret": "4751556647186cbb130184e4e50f8f2de4779969",
        "is_verified": false,
        "line_number": 12
      }
    ],
    "examples/channel-integrations/genesys_audio_connector_phone_channel/voice/voice_example.yaml": [
      {
        "type": "Secret Keyword",
        "filename": "examples/channel-integrations/genesys_audio_connector_phone_channel/voice/voice_example.yaml",
        "hashed_secret": "c4d63080085bb8708ba723a0b74b05b17ee4b9cb",
        "is_verified": false,
        "line_number": 6
      },
      {
        "type": "Secret Keyword",
        "filename": "examples/channel-integrations/genesys_audio_connector_phone_channel/voice/voice_example.yaml",
        "hashed_secret": "4751556647186cbb130184e4e50f8f2de4779969",
        "is_verified": false,
        "line_number": 12
      }
    ],
    "examples/experimental/agent_builder/customer_care_style/docs/reference/Context.md": [
      {
        "type": "Secret Keyword",
        "filename": "examples/experimental/agent_builder/customer_care_style/docs/reference/Context.md",
        "hashed_secret": "ec3810e10fb78db55ce38b9c18d1c3eb1db739e0",
        "is_verified": false,
        "line_number": 352
      }
    ],
    "examples/experimental/agent_builder/customer_care_style/docs/tutorials/SettingUpKnowledge.md": [
      {
        "type": "Hex High Entropy String",
        "filename": "examples/experimental/agent_builder/customer_care_style/docs/tutorials/SettingUpKnowledge.md",
        "hashed_secret": "a2dc9263f43735e595f801f06065aa4c1f2eb0e6",
        "is_verified": false,
        "line_number": 47
      }
    ],
    "packages/agentic-sdk/ibm_watsonx_orchestrate_sdk/langchain/README.md": [
      {
        "type": "Secret Keyword",
        "filename": "packages/agentic-sdk/ibm_watsonx_orchestrate_sdk/langchain/README.md",
        "hashed_secret": "9e30d592da2cc44a690ab6af181546cd24e9c77d",
        "is_verified": false,
        "line_number": 45
      },
      {
        "type": "Secret Keyword",
        "filename": "packages/agentic-sdk/ibm_watsonx_orchestrate_sdk/langchain/README.md",
        "hashed_secret": "11fa7c37d697f30e6aee828b4426a10f83ab2380",
        "is_verified": false,
        "line_number": 155
      },
      {
        "type": "Secret Keyword",
        "filename": "packages/agentic-sdk/ibm_watsonx_orchestrate_sdk/langchain/README.md",
        "hashed_secret": "ec3810e10fb78db55ce38b9c18d1c3eb1db739e0",
        "is_verified": false,
        "line_number": 303
      }
    ],
    "packages/agentic-sdk/ibm_watsonx_orchestrate_sdk/langchain/chat_models.py": [
      {
        "type": "Secret Keyword",
        "filename": "packages/agentic-sdk/ibm_watsonx_orchestrate_sdk/langchain/chat_models.py",
        "hashed_secret": "11fa7c37d697f30e6aee828b4426a10f83ab2380",
        "is_verified": false,
        "line_number": 50
      },
      {
        "type": "Secret Keyword",
        "filename": "packages/agentic-sdk/ibm_watsonx_orchestrate_sdk/langchain/chat_models.py",
        "hashed_secret": "ff55435345834a3fe224936776c2aa15f6ed5358",
        "is_verified": false,
        "line_number": 203
      },
      {
        "type": "Secret Keyword",
        "filename": "packages/agentic-sdk/ibm_watsonx_orchestrate_sdk/langchain/chat_models.py",
        "hashed_secret": "829c3804401b0727f70f73d4415e162400cbe57b",
        "is_verified": false,
        "line_number": 236
      }
    ],
    "packages/agentic-sdk/ibm_watsonx_orchestrate_sdk/langchain/embeddings.py": [
      {
        "type": "Secret Keyword",
        "filename": "packages/agentic-sdk/ibm_watsonx_orchestrate_sdk/langchain/embeddings.py",
        "hashed_secret": "11fa7c37d697f30e6aee828b4426a10f83ab2380",
        "is_verified": false,
        "line_number": 46
      },
      {
        "type": "Secret Keyword",
        "filename": "packages/agentic-sdk/ibm_watsonx_orchestrate_sdk/langchain/embeddings.py",
        "hashed_secret": "ff55435345834a3fe224936776c2aa15f6ed5358",
        "is_verified": false,
        "line_number": 152
      },
      {
        "type": "Secret Keyword",
        "filename": "packages/agentic-sdk/ibm_watsonx_orchestrate_sdk/langchain/embeddings.py",
        "hashed_secret": "829c3804401b0727f70f73d4415e162400cbe57b",
        "is_verified": false,
        "line_number": 184
      }
    ],
    "packages/core/ibm_watsonx_orchestrate_core/types/connections/configuration.py": [
      {
        "type": "Secret Keyword",
        "filename": "packages/core/ibm_watsonx_orchestrate_core/types/connections/configuration.py",
        "hashed_secret": "665b1e3851eefefa3fb878654292f16597d25155",
        "is_verified": false,
        "line_number": 22
      },
      {
        "type": "Secret Keyword",
        "filename": "packages/core/ibm_watsonx_orchestrate_core/types/connections/configuration.py",
        "hashed_secret": "b34c57bfb09994ef61a5d54309fbb51a9d4835b3",
        "is_verified": false,
        "line_number": 25
      },
      {
        "type": "Secret Keyword",
        "filename": "packages/core/ibm_watsonx_orchestrate_core/types/connections/configuration.py",
        "hashed_secret": "fd9f3e3149a1d4ee98bba4961101dbc2d1ca903f",
        "is_verified": false,
        "line_number": 58
      },
      {
        "type": "Secret Keyword",
        "filename": "packages/core/ibm_watsonx_orchestrate_core/types/connections/configuration.py",
        "hashed_secret": "8bb6cdbaa37c97def4ec2867f818a52aace03207",
        "is_verified": false,
        "line_number": 71
      }
    ],
    "packages/core/ibm_watsonx_orchestrate_core/utils/config.py": [
      {
        "type": "Secret Keyword",
        "filename": "packages/core/ibm_watsonx_orchestrate_core/utils/config.py",
        "hashed_secret": "805ce83043590dcbffdc64f449d19158ed6a5a79",
        "is_verified": false,
        "line_number": 23
      }
    ],
    "packages/mcp-server/ibm_watsonx_orchestrate_mcp_server/src/phone/mcp_tools.py": [
      {
        "type": "Secret Keyword",
        "filename": "packages/mcp-server/ibm_watsonx_orchestrate_mcp_server/src/phone/mcp_tools.py",
        "hashed_secret": "11fa7c37d697f30e6aee828b4426a10f83ab2380",
        "is_verified": false,
        "line_number": 92
      },
      {
        "type": "Secret Keyword",
        "filename": "packages/mcp-server/ibm_watsonx_orchestrate_mcp_server/src/phone/mcp_tools.py",
        "hashed_secret": "29c32f233d04598b3181c0e27ea0ec7a5c949297",
        "is_verified": false,
        "line_number": 93
      }
    ],
    "src/ibm_watsonx_orchestrate/agent_builder/agents/types.py": [
      {
        "type": "Secret Keyword",
        "filename": "src/ibm_watsonx_orchestrate/agent_builder/agents/types.py",
        "hashed_secret": "159500287c06851df741128ec4b073ea394414b6",
        "is_verified": false,
        "line_number": 70
      }
    ],
    "src/ibm_watsonx_orchestrate/cli/commands/tools/auto_discover/auto_discover.py": [
      {
        "type": "Secret Keyword",
        "filename": "src/ibm_watsonx_orchestrate/cli/commands/tools/auto_discover/auto_discover.py",
        "hashed_secret": "9270045a6623d1ecc8614f3aa2b12b26dac39ca4",
        "is_verified": false,
        "line_number": 16
      },
      {
        "type": "Secret Keyword",
        "filename": "src/ibm_watsonx_orchestrate/cli/commands/tools/auto_discover/auto_discover.py",
        "hashed_secret": "a0e41adc914d5a8f4522c21303653214588d6917",
        "is_verified": false,
        "line_number": 19
      },
      {
        "type": "Secret Keyword",
        "filename": "src/ibm_watsonx_orchestrate/cli/commands/tools/auto_discover/auto_discover.py",
        "hashed_secret": "1a37d41260f96724ee881be5e261b4d043f0626b",
        "is_verified": false,
        "line_number": 21
      }
    ],
    "src/ibm_watsonx_orchestrate/client/autodiscover/ai_gateway/ai_gateway_client.py": [
      {
        "type": "Secret Keyword",
        "filename": "src/ibm_watsonx_orchestrate/client/autodiscover/ai_gateway/ai_gateway_client.py",
        "hashed_secret": "a0e41adc914d5a8f4522c21303653214588d6917",
        "is_verified": false,
        "line_number": 17
      }
    ],
    "src/ibm_watsonx_orchestrate/client/autodiscover/groq/groq_client.py": [
      {
        "type": "Secret Keyword",
        "filename": "src/ibm_watsonx_orchestrate/client/autodiscover/groq/groq_client.py",
        "hashed_secret": "1a37d41260f96724ee881be5e261b4d043f0626b",
        "is_verified": false,
        "line_number": 13
      }
    ],
    "src/ibm_watsonx_orchestrate/client/autodiscover/ml_proxy/ml_proxy_client.py": [
      {
        "type": "Secret Keyword",
        "filename": "src/ibm_watsonx_orchestrate/client/autodiscover/ml_proxy/ml_proxy_client.py",
        "hashed_secret": "a0e41adc914d5a8f4522c21303653214588d6917",
        "is_verified": false,
        "line_number": 10
      },
      {
        "type": "Secret Keyword",
        "filename": "src/ibm_watsonx_orchestrate/client/autodiscover/ml_proxy/ml_proxy_client.py",
        "hashed_secret": "9270045a6623d1ecc8614f3aa2b12b26dac39ca4",
        "is_verified": false,
        "line_number": 13
      }
    ],
    "src/ibm_watsonx_orchestrate/client/autodiscover/watsonx_ai/watsonx_ai_client.py": [
      {
        "type": "Secret Keyword",
        "filename": "src/ibm_watsonx_orchestrate/client/autodiscover/watsonx_ai/watsonx_ai_client.py",
        "hashed_secret": "9270045a6623d1ecc8614f3aa2b12b26dac39ca4",
        "is_verified": false,
        "line_number": 19
      }
    ],
    "src/ibm_watsonx_orchestrate/developer_edition/resources/docker/compose-lite.yml": [
      {
        "type": "Secret Keyword",
        "filename": "src/ibm_watsonx_orchestrate/developer_edition/resources/docker/compose-lite.yml",
        "hashed_secret": "20ecaba2941c3828d1e3f08d6b39987458373197",
        "is_verified": false,
        "line_number": 361
      },
      {
        "type": "Hex High Entropy String",
        "filename": "src/ibm_watsonx_orchestrate/developer_edition/resources/docker/compose-lite.yml",
        "hashed_secret": "0a39f2b70b172ce11f8d91a3741fafa6dfc83d90",
        "is_verified": false,
        "line_number": 1212
      },
      {
        "type": "Secret Keyword",
        "filename": "src/ibm_watsonx_orchestrate/developer_edition/resources/docker/compose-lite.yml",
        "hashed_secret": "e9fe51f94eadabf54dbf2fbbd57188b9abee436e",
        "is_verified": false,
        "line_number": 1258
      }
    ],
    "src/ibm_watsonx_orchestrate/developer_edition/resources/wsl/cloud-init/ibm-watsonx-orchestrate.user-data": [
      {
        "type": "Secret Keyword",
        "filename": "src/ibm_watsonx_orchestrate/developer_edition/resources/wsl/cloud-init/ibm-watsonx-orchestrate.user-data",
        "hashed_secret": "bca5f41c1e8faa24955308480ca36903baaef79a",
        "is_verified": false,
        "line_number": 10
      },
      {
        "type": "Secret Keyword",
        "filename": "src/ibm_watsonx_orchestrate/developer_edition/resources/wsl/cloud-init/ibm-watsonx-orchestrate.user-data",
        "hashed_secret": "dbe3487e00ab3afcef307fba0449c8c929dc1a23",
        "is_verified": false,
        "line_number": 11
      }
    ],
    "src/ibm_watsonx_orchestrate/utils/environment.py": [
      {
        "type": "Secret Keyword",
        "filename": "src/ibm_watsonx_orchestrate/utils/environment.py",
        "hashed_secret": "2824809f368d69522e0d6bc3ba2fe5fe23e0bf24",
        "is_verified": false,
        "line_number": 66
      },
      {
        "type": "Secret Keyword",
        "filename": "src/ibm_watsonx_orchestrate/utils/environment.py",
        "hashed_secret": "1a37d41260f96724ee881be5e261b4d043f0626b",
        "is_verified": false,
        "line_number": 249
      },
      {
        "type": "Secret Keyword",
        "filename": "src/ibm_watsonx_orchestrate/utils/environment.py",
        "hashed_secret": "9270045a6623d1ecc8614f3aa2b12b26dac39ca4",
        "is_verified": false,
        "line_number": 250
      }
    ],
    "tests/agent_builder/channels/test_channel.py": [
      {
        "type": "Twilio API Key",
        "filename": "tests/agent_builder/channels/test_channel.py",
        "hashed_secret": "9cc21eeb77609ed4a53397177b1d1fd478a8979e",
        "is_verified": false,
        "line_number": 26
      },
      {
        "type": "Hex High Entropy String",
        "filename": "tests/agent_builder/channels/test_channel.py",
        "hashed_secret": "9cc21eeb77609ed4a53397177b1d1fd478a8979e",
        "is_verified": false,
        "line_number": 36
      },
      {
        "type": "Secret Keyword",
        "filename": "tests/agent_builder/channels/test_channel.py",
        "hashed_secret": "1089adfb1f11b95df31344030507912b5abdf57a",
        "is_verified": false,
        "line_number": 71
      },
      {
        "type": "Secret Keyword",
        "filename": "tests/agent_builder/channels/test_channel.py",
        "hashed_secret": "3d8e255550f0abd067e63a5d082ede69ead41f4d",
        "is_verified": false,
        "line_number": 72
      },
      {
        "type": "Hex High Entropy String",
        "filename": "tests/agent_builder/channels/test_channel.py",
        "hashed_secret": "3a2dba0a6fca87cf8db0ddfc85cf8306ae95df7e",
        "is_verified": false,
        "line_number": 361
      },
      {
        "type": "Twilio API Key",
        "filename": "tests/agent_builder/channels/test_channel.py",
        "hashed_secret": "3a2dba0a6fca87cf8db0ddfc85cf8306ae95df7e",
        "is_verified": false,
        "line_number": 361
      },
      {
        "type": "Base64 High Entropy String",
        "filename": "tests/agent_builder/channels/test_channel.py",
        "hashed_secret": "e19167184b9a6a785fddb69909821cdab76b2372",
        "is_verified": false,
        "line_number": 473
      },
      {
        "type": "Secret Keyword",
        "filename": "tests/agent_builder/channels/test_channel.py",
        "hashed_secret": "e19167184b9a6a785fddb69909821cdab76b2372",
        "is_verified": false,
        "line_number": 473
      },
      {
        "type": "Secret Keyword",
        "filename": "tests/agent_builder/channels/test_channel.py",
        "hashed_secret": "2be621d0f1b4cce754fec629a0d0e35034edb123",
        "is_verified": false,
        "line_number": 485
      },
      {
        "type": "Base64 High Entropy String",
        "filename": "tests/agent_builder/channels/test_channel.py",
        "hashed_secret": "c3190c6cc720e200103aac528a642c057d1e4fb8",
        "is_verified": false,
        "line_number": 657
      },
      {
        "type": "Secret Keyword",
        "filename": "tests/agent_builder/channels/test_channel.py",
        "hashed_secret": "c3190c6cc720e200103aac528a642c057d1e4fb8",
        "is_verified": false,
        "line_number": 657
      },
      {
        "type": "Base64 High Entropy String",
        "filename": "tests/agent_builder/channels/test_channel.py",
        "hashed_secret": "feb72b9791c62fb1827399ac174745f9fbb10e4f",
        "is_verified": false,
        "line_number": 659
      },
      {
        "type": "Secret Keyword",
        "filename": "tests/agent_builder/channels/test_channel.py",
        "hashed_secret": "f2b14f68eb995facb3a1c35287b778d5bd785511",
        "is_verified": false,
        "line_number": 667
      },
      {
        "type": "Secret Keyword",
        "filename": "tests/agent_builder/channels/test_channel.py",
        "hashed_secret": "117fc37a69ee48a362ee7492de8293d8af1092a8",
        "is_verified": false,
        "line_number": 837
      },
      {
        "type": "Secret Keyword",
        "filename": "tests/agent_builder/channels/test_channel.py",
        "hashed_secret": "cbfdac6008f9cab4083784cbd1874f76618d2a97",
        "is_verified": false,
        "line_number": 858
      }
    ],
    "tests/agent_builder/connections/test_connections.py": [
      {
        "type": "Secret Keyword",
        "filename": "tests/agent_builder/connections/test_connections.py",
        "hashed_secret": "a351e7b44909b8288162418244572bde12cffe1c",
        "is_verified": false,
        "line_number": 39
      },
      {
        "type": "Secret Keyword",
        "filename": "tests/agent_builder/connections/test_connections.py",
        "hashed_secret": "486959bb9fa34a95d9847f89ca8cf6c10aa8cadf",
        "is_verified": false,
        "line_number": 42
      }
    ],
    "tests/agent_builder/phone/test_genesys_audio_connector.py": [
      {
        "type": "Secret Keyword",
        "filename": "tests/agent_builder/phone/test_genesys_audio_connector.py",
        "hashed_secret": "dc1abc7f0c453564fa2538999dde8c8513fa1006",
        "is_verified": false,
        "line_number": 17
      },
      {
        "type": "Secret Keyword",
        "filename": "tests/agent_builder/phone/test_genesys_audio_connector.py",
        "hashed_secret": "21a6190abb5b80e457d40e89c5f3d24f6b06b1be",
        "is_verified": false,
        "line_number": 18
      },
      {
        "type": "Secret Keyword",
        "filename": "tests/agent_builder/phone/test_genesys_audio_connector.py",
        "hashed_secret": "665b1e3851eefefa3fb878654292f16597d25155",
        "is_verified": false,
        "line_number": 30
      },
      {
        "type": "Secret Keyword",
        "filename": "tests/agent_builder/phone/test_genesys_audio_connector.py",
        "hashed_secret": "8318df9ecda039deac9868adf1944a29a95c7114",
        "is_verified": false,
        "line_number": 31
      },
      {
        "type": "Secret Keyword",
        "filename": "tests/agent_builder/phone/test_genesys_audio_connector.py",
        "hashed_secret": "a62f2225bf70bfaccbc7f1ef2a397836717377de",
        "is_verified": false,
        "line_number": 72
      },
      {
        "type": "Secret Keyword",
        "filename": "tests/agent_builder/phone/test_genesys_audio_connector.py",
        "hashed_secret": "e5e9fa1ba31ecd1ae84f75caaa474f3a663f05f4",
        "is_verified": false,
        "line_number": 93
      }
    ],
    "tests/agent_builder/voice_configurations/test_voice_configuration.py": [
      {
        "type": "Secret Keyword",
        "filename": "tests/agent_builder/voice_configurations/test_voice_configuration.py",
        "hashed_secret": "767ef7376d44bb6e52b390ddcd12c1cb1b3902a4",
        "is_verified": false,
        "line_number": 28
      },
      {
        "type": "Secret Keyword",
        "filename": "tests/agent_builder/voice_configurations/test_voice_configuration.py",
        "hashed_secret": "c4d63080085bb8708ba723a0b74b05b17ee4b9cb",
        "is_verified": false,
        "line_number": 61
      },
      {
        "type": "Secret Keyword",
        "filename": "tests/agent_builder/voice_configurations/test_voice_configuration.py",
        "hashed_secret": "4751556647186cbb130184e4e50f8f2de4779969",
        "is_verified": false,
        "line_number": 69
      },
      {
        "type": "Secret Keyword",
        "filename": "tests/agent_builder/voice_configurations/test_voice_configuration.py",
        "hashed_secret": "ffcf18cca2d9996428d167cf2d0926171efdb478",
        "is_verified": false,
        "line_number": 83
      },
      {
        "type": "Secret Keyword",
        "filename": "tests/agent_builder/voice_configurations/test_voice_configuration.py",
        "hashed_secret": "d43899109c6ecfcd21c33a482e6f7b8d887a5237",
        "is_verified": false,
        "line_number": 105
      },
      {
        "type": "Secret Keyword",
        "filename": "tests/agent_builder/voice_configurations/test_voice_configuration.py",
        "hashed_secret": "00942f4668670f34c5943cf52c7ef3139fe2b8d6",
        "is_verified": false,
        "line_number": 272
      }
    ],
    "tests/agentic_sdk/langchain/test_chat_models.py": [
      {
        "type": "Secret Keyword",
        "filename": "tests/agentic_sdk/langchain/test_chat_models.py",
        "hashed_secret": "2e7a7ee14caebf378fc32d6cf6f557f347c96773",
        "is_verified": false,
        "line_number": 33
      }
    ],
    "tests/agentic_sdk/langchain/test_embeddings.py": [
      {
        "type": "Secret Keyword",
        "filename": "tests/agentic_sdk/langchain/test_embeddings.py",
        "hashed_secret": "2e7a7ee14caebf378fc32d6cf6f557f347c96773",
        "is_verified": false,
        "line_number": 81
      },
      {
        "type": "Secret Keyword",
        "filename": "tests/agentic_sdk/langchain/test_embeddings.py",
        "hashed_secret": "4dd88d5cd9e9bb507cd761f9638d8043aba4de25",
        "is_verified": false,
        "line_number": 204
      }
    ],
    "tests/agentic_sdk/test_client.py": [
      {
        "type": "Base64 High Entropy String",
        "filename": "tests/agentic_sdk/test_client.py",
        "hashed_secret": "1e2069b24037c05704b4af303fb5cc4a4d7a0395",
        "is_verified": false,
        "line_number": 9
      },
      {
        "type": "Base64 High Entropy String",
        "filename": "tests/agentic_sdk/test_client.py",
        "hashed_secret": "e82cbcb305c4608c0fca2f499dbdc98eff95b98f",
        "is_verified": false,
        "line_number": 10
      },
      {
        "type": "Base64 High Entropy String",
        "filename": "tests/agentic_sdk/test_client.py",
        "hashed_secret": "902f1be5806f909bc6f3ea296d8593712b1a25c3",
        "is_verified": false,
        "line_number": 11
      },
      {
        "type": "Base64 High Entropy String",
        "filename": "tests/agentic_sdk/test_client.py",
        "hashed_secret": "52bdd621f9c2c8dfd0622f87f7a08839c45e120a",
        "is_verified": false,
        "line_number": 12
      },
      {
        "type": "Base64 High Entropy String",
        "filename": "tests/agentic_sdk/test_client.py",
        "hashed_secret": "bf62944f4340609d1a7a8ea2b1e3aa45bf3627f1",
        "is_verified": false,
        "line_number": 14
      }
    ],
    "tests/agentic_sdk/test_local_authentication.py": [
      {
        "type": "Base64 High Entropy String",
        "filename": "tests/agentic_sdk/test_local_authentication.py",
        "hashed_secret": "1e2069b24037c05704b4af303fb5cc4a4d7a0395",
        "is_verified": false,
        "line_number": 25
      },
      {
        "type": "Base64 High Entropy String",
        "filename": "tests/agentic_sdk/test_local_authentication.py",
        "hashed_secret": "f4460da76ed4aa1cd2287fa3a5cb15aeae715d68",
        "is_verified": false,
        "line_number": 26
      },
      {
        "type": "Base64 High Entropy String",
        "filename": "tests/agentic_sdk/test_local_authentication.py",
        "hashed_secret": "e2fc30fd7dae7969c12fa1455d33cd73dc2d6c4c",
        "is_verified": false,
        "line_number": 27
      },
      {
        "type": "Base64 High Entropy String",
        "filename": "tests/agentic_sdk/test_local_authentication.py",
        "hashed_secret": "3a59247b207ab54ca3ca30e3ef5bab21d25a83d2",
        "is_verified": false,
        "line_number": 28
      },
      {
        "type": "Base64 High Entropy String",
        "filename": "tests/agentic_sdk/test_local_authentication.py",
        "hashed_secret": "8a1ce5a3ae8b31552b59656037a5c23cfef5d5f3",
        "is_verified": false,
        "line_number": 30
      }
    ],
    "tests/cli/commands/channels/test_channels_crud_controller.py": [
      {
        "type": "Twilio API Key",
        "filename": "tests/cli/commands/channels/test_channels_crud_controller.py",
        "hashed_secret": "9cc21eeb77609ed4a53397177b1d1fd478a8979e",
        "is_verified": false,
        "line_number": 88
      },
      {
        "type": "Hex High Entropy String",
        "filename": "tests/cli/commands/channels/test_channels_crud_controller.py",
        "hashed_secret": "9cc21eeb77609ed4a53397177b1d1fd478a8979e",
        "is_verified": false,
        "line_number": 109
      },
      {
        "type": "Hex High Entropy String",
        "filename": "tests/cli/commands/channels/test_channels_crud_controller.py",
        "hashed_secret": "3a2dba0a6fca87cf8db0ddfc85cf8306ae95df7e",
        "is_verified": false,
        "line_number": 158
      },
      {
        "type": "Twilio API Key",
        "filename": "tests/cli/commands/channels/test_channels_crud_controller.py",
        "hashed_secret": "3a2dba0a6fca87cf8db0ddfc85cf8306ae95df7e",
        "is_verified": false,
        "line_number": 158
      },
      {
        "type": "Secret Keyword",
        "filename": "tests/cli/commands/channels/test_channels_crud_controller.py",
        "hashed_secret": "05b2856529c74254761f4a2c84d80b3aade712d2",
        "is_verified": false,
        "line_number": 240
      },
      {
        "type": "Secret Keyword",
        "filename": "tests/cli/commands/channels/test_channels_crud_controller.py",
        "hashed_secret": "920cf15900a34172cd51819b1d0393f7ff5b146f",
        "is_verified": false,
        "line_number": 241
      }
    ],
    "tests/cli/commands/chat/test_chat_command.py": [
      {
        "type": "Base64 High Entropy String",
        "filename": "tests/cli/commands/chat/test_chat_command.py",
        "hashed_secret": "01fda83c6c9ad9e9c057a49640effc056985f24b",
        "is_verified": false,
        "line_number": 13
      }
    ],
    "tests/cli/commands/connections/test_connections_command.py": [
      {
        "type": "Secret Keyword",
        "filename": "tests/cli/commands/connections/test_connections_command.py",
        "hashed_secret": "9fb7fe1217aed442b04c0f5e43b5d5a7d3287097",
        "is_verified": false,
        "line_number": 181
      },
      {
        "type": "Secret Keyword",
        "filename": "tests/cli/commands/connections/test_connections_command.py",
        "hashed_secret": "767ef7376d44bb6e52b390ddcd12c1cb1b3902a4",
        "is_verified": false,
        "line_number": 183
      },
      {
        "type": "Secret Keyword",
        "filename": "tests/cli/commands/connections/test_connections_command.py",
        "hashed_secret": "1089adfb1f11b95df31344030507912b5abdf57a",
        "is_verified": false,
        "line_number": 185
      }
    ],
    "tests/cli/commands/connections/test_connections_controller.py": [
      {
        "type": "Secret Keyword",
        "filename": "tests/cli/commands/connections/test_connections_controller.py",
        "hashed_secret": "0fc2e277958d3848678463986ab316934d6da16c",
        "is_verified": false,
        "line_number": 722
      }
    ],
    "tests/cli/commands/customer_care/platform/test_customer_care_platform_command.py": [
      {
        "type": "Secret Keyword",
        "filename": "tests/cli/commands/customer_care/platform/test_customer_care_platform_command.py",
        "hashed_secret": "70d87227b08b7697c9ff5a2668e69c035120e362",
        "is_verified": false,
        "line_number": 12
      },
      {
        "type": "Secret Keyword",
        "filename": "tests/cli/commands/customer_care/platform/test_customer_care_platform_command.py",
        "hashed_secret": "5a499b7158883f8c579511a560d49f1738ac9aec",
        "is_verified": false,
        "line_number": 13
      }
    ],
    "tests/cli/commands/customer_care/platform/test_customer_care_platform_controller.py": [
      {
        "type": "Secret Keyword",
        "filename": "tests/cli/commands/customer_care/platform/test_customer_care_platform_controller.py",
        "hashed_secret": "03f5e2d670af3e9183f3fe790785b0d41291a17d",
        "is_verified": false,
        "line_number": 50
      },
      {
        "type": "Secret Keyword",
        "filename": "tests/cli/commands/customer_care/platform/test_customer_care_platform_controller.py",
        "hashed_secret": "bbaac2ff558cb87be3d4044b4f327af392f87ac8",
        "is_verified": false,
        "line_number": 158
      }
    ],
    "tests/cli/commands/environment/test_environment_controller.py": [
      {
        "type": "JSON Web Token",
        "filename": "tests/cli/commands/environment/test_environment_controller.py",
        "hashed_secret": "9f9b86e7881d037c28c5adadebe1542a0bd6b636",
        "is_verified": false,
        "line_number": 11
      },
      {
        "type": "JSON Web Token",
        "filename": "tests/cli/commands/environment/test_environment_controller.py",
        "hashed_secret": "d6b66ddd9ea7dbe760114bfe9a97352a5e139134",
        "is_verified": false,
        "line_number": 12
      },
      {
        "type": "JSON Web Token",
        "filename": "tests/cli/commands/environment/test_environment_controller.py",
        "hashed_secret": "5cf0b3a524048c2be72a7c9c4639328780f70c51",
        "is_verified": false,
        "line_number": 13
      }
    ],
    "tests/cli/commands/models/test_models_controller.py": [
      {
        "type": "Secret Keyword",
        "filename": "tests/cli/commands/models/test_models_controller.py",
        "hashed_secret": "767ef7376d44bb6e52b390ddcd12c1cb1b3902a4",
        "is_verified": false,
        "line_number": 815
      }
    ],
    "tests/cli/commands/phone/test_phone_command.py": [
      {
        "type": "Secret Keyword",
        "filename": "tests/cli/commands/phone/test_phone_command.py",
        "hashed_secret": "00942f4668670f34c5943cf52c7ef3139fe2b8d6",
        "is_verified": false,
        "line_number": 56
      },
      {
        "type": "Secret Keyword",
        "filename": "tests/cli/commands/phone/test_phone_command.py",
        "hashed_secret": "72cb70dbbafe97e5ea13ad88acd65d08389439b0",
        "is_verified": false,
        "line_number": 57
      }
    ],
    "tests/cli/commands/phone/test_phone_controller.py": [
      {
        "type": "Secret Keyword",
        "filename": "tests/cli/commands/phone/test_phone_controller.py",
        "hashed_secret": "767ef7376d44bb6e52b390ddcd12c1cb1b3902a4",
        "is_verified": false,
        "line_number": 42
      },
      {
        "type": "Secret Keyword",
        "filename": "tests/cli/commands/phone/test_phone_controller.py",
        "hashed_secret": "1089adfb1f11b95df31344030507912b5abdf57a",
        "is_verified": false,
        "line_number": 43
      },
      {
        "type": "Secret Keyword",
        "filename": "tests/cli/commands/phone/test_phone_controller.py",
        "hashed_secret": "e48c47f1431afd3bb030deea266b4309e2228c5b",
        "is_verified": false,
        "line_number": 251
      },
      {
        "type": "Secret Keyword",
        "filename": "tests/cli/commands/phone/test_phone_controller.py",
        "hashed_secret": "4655034a208e187ddc15eb1162c458f3901211b3",
        "is_verified": false,
        "line_number": 285
      }
    ],
    "tests/cli/commands/server/test_server_command.py": [
      {
        "type": "Base64 High Entropy String",
        "filename": "tests/cli/commands/server/test_server_command.py",
        "hashed_secret": "01fda83c6c9ad9e9c057a49640effc056985f24b",
        "is_verified": false,
        "line_number": 41
      },
      {
        "type": "Base64 High Entropy String",
        "filename": "tests/cli/commands/server/test_server_command.py",
        "hashed_secret": "faaf436a53b04f87dafc4cedf00b9b601106f071",
        "is_verified": false,
        "line_number": 42
      },
      {
        "type": "Base64 High Entropy String",
        "filename": "tests/cli/commands/server/test_server_command.py",
        "hashed_secret": "8e8d4f416146d57b9a0a3048abd69ffa96053e68",
        "is_verified": false,
        "line_number": 494
      },
      {
        "type": "Base64 High Entropy String",
        "filename": "tests/cli/commands/server/test_server_command.py",
        "hashed_secret": "c265d78c55dbf474aa9a1add7baede5bbefe00e2",
        "is_verified": false,
        "line_number": 920
      },
      {
        "type": "Secret Keyword",
        "filename": "tests/cli/commands/server/test_server_command.py",
        "hashed_secret": "3acfb2c2b433c0ea7ff107e33df91b18e52f960f",
        "is_verified": false,
        "line_number": 938
      }
    ],
    "tests/cli/commands/settings/observability/langfuse/snapshots/snap_test_langfuse_command.py": [
      {
        "type": "Secret Keyword",
        "filename": "tests/cli/commands/settings/observability/langfuse/snapshots/snap_test_langfuse_command.py",
        "hashed_secret": "665b1e3851eefefa3fb878654292f16597d25155",
        "is_verified": false,
        "line_number": 11
      },
      {
        "type": "Secret Keyword",
        "filename": "tests/cli/commands/settings/observability/langfuse/snapshots/snap_test_langfuse_command.py",
        "hashed_secret": "c900fad2832f2eb3a216b22265025531c4b95a38",
        "is_verified": false,
        "line_number": 22
      }
    ],
    "tests/cli/commands/settings/observability/langfuse/test_langfuse_command.py": [
      {
        "type": "Secret Keyword",
        "filename": "tests/cli/commands/settings/observability/langfuse/test_langfuse_command.py",
        "hashed_secret": "665b1e3851eefefa3fb878654292f16597d25155",
        "is_verified": false,
        "line_number": 30
      },
      {
        "type": "Secret Keyword",
        "filename": "tests/cli/commands/settings/observability/langfuse/test_langfuse_command.py",
        "hashed_secret": "61ba747fe2f5b3d513c40550084c6284fbbc1094",
        "is_verified": false,
        "line_number": 128
      }
    ],
    "tests/cli/commands/toolkits/test_toolkit_controller.py": [
      {
        "type": "Hex High Entropy String",
        "filename": "tests/cli/commands/toolkits/test_toolkit_controller.py",
        "hashed_secret": "fcc9a7f0f50f1db233d44dd9d3174e9ff104a076",
        "is_verified": false,
        "line_number": 989
      }
    ],
    "tests/cli/commands/voice_configurations/test_voice_configurations_controller.py": [
      {
        "type": "Secret Keyword",
        "filename": "tests/cli/commands/voice_configurations/test_voice_configurations_controller.py",
        "hashed_secret": "00942f4668670f34c5943cf52c7ef3139fe2b8d6",
        "is_verified": false,
        "line_number": 171
      }
    ],
    "tests/cli/resources/jwt/jwt_missing_fields": [
      {
        "type": "JSON Web Token",
        "filename": "tests/cli/resources/jwt/jwt_missing_fields",
        "hashed_secret": "d6b66ddd9ea7dbe760114bfe9a97352a5e139134",
        "is_verified": false,
        "line_number": 1
      }
    ],
    "tests/cli/resources/jwt/jwt_valid": [
      {
        "type": "JSON Web Token",
        "filename": "tests/cli/resources/jwt/jwt_valid",
        "hashed_secret": "8a8e70f4864dd0eb2881cae60bb2acf605dbf0a0",
        "is_verified": false,
        "line_number": 1
      }
    ],
    "tests/cli/resources/yaml_samples/sample_langfuse_full.yml": [
      {
        "type": "Secret Keyword",
        "filename": "tests/cli/resources/yaml_samples/sample_langfuse_full.yml",
        "hashed_secret": "c900fad2832f2eb3a216b22265025531c4b95a38",
        "is_verified": false,
        "line_number": 4
      }
    ],
    "tests/client/resources/credentials.yaml": [
      {
        "type": "JSON Web Token",
        "filename": "tests/client/resources/credentials.yaml",
        "hashed_secret": "d6b66ddd9ea7dbe760114bfe9a97352a5e139134",
        "is_verified": false,
        "line_number": 3
      }
    ],
    "tests/client/test_utils.py": [
      {
        "type": "JSON Web Token",
        "filename": "tests/client/test_utils.py",
        "hashed_secret": "9f9b86e7881d037c28c5adadebe1542a0bd6b636",
        "is_verified": false,
        "line_number": 38
      },
      {
        "type": "JSON Web Token",
        "filename": "tests/client/test_utils.py",
        "hashed_secret": "d6b66ddd9ea7dbe760114bfe9a97352a5e139134",
        "is_verified": false,
        "line_number": 39
      },
      {
        "type": "JSON Web Token",
        "filename": "tests/client/test_utils.py",
        "hashed_secret": "5cf0b3a524048c2be72a7c9c4639328780f70c51",
        "is_verified": false,
        "line_number": 40
      }
    ],
    "tests/integration_tests/agentic_sdk/langchain/template.env": [
      {
        "type": "Secret Keyword",
        "filename": "tests/integration_tests/agentic_sdk/langchain/template.env",
        "hashed_secret": "4824a813c6942136bb2a3a7b26dad8fa2ec5af5f",
        "is_verified": false,
        "line_number": 23
      }
    ],
    "tests/utils/test_env_service.py": [
      {
        "type": "Secret Keyword",
        "filename": "tests/utils/test_env_service.py",
        "hashed_secret": "3acfb2c2b433c0ea7ff107e33df91b18e52f960f",
        "is_verified": false,
        "line_number": 85
      }
    ]
  },
  "generated_at": "2026-04-17T13:29:56Z"
}
